INFO:audio_stream:Using microphone device: plughw:2,0
INFO:audio_stream:Audio stream started (device=plughw:2,0, rate=16000, channels=1)
INFO:audio_stream:Audio stream started (device=plughw:2,0, rate=16000, channels=1)
INFO:audio_stream:Audio stream stopped
INFO:werkzeug:192.168.1.106 - - [18/Jun/2026 23:23:48] "GET /audio_feed HTTP/1.1" 500 -
ERROR:werkzeug:Error on request:
Traceback (most recent call last):
  File "/usr/lib/python3/dist-packages/werkzeug/serving.py", line 370, in run_wsgi
    execute(self.server.app)
    ~~~~~~~^^^^^^^^^^^^^^^^^
  File "/usr/lib/python3/dist-packages/werkzeug/serving.py", line 333, in execute
    for data in application_iter:
                ^^^^^^^^^^^^^^^^
  File "/usr/lib/python3/dist-packages/werkzeug/wsgi.py", line 256, in __next__
    return self._next()
           ~~~~~~~~~~^^
  File "/usr/lib/python3/dist-packages/werkzeug/wrappers/response.py", line 32, in _iter_encoded
    for item in iterable:
                ^^^^^^^^
  File "/home/nir/Desktop/server/audio_stream.py", line 129, in generate_audio_stream
    raise RuntimeError(stderr or "Microphone stream ended unexpectedly")
RuntimeError: arecord: main:850: audio open error: Device or resource busy
INFO:werkzeug:192.168.1.106 - - [18/Jun/2026 23:23:48] "GET /audio_feed HTTP/1.1" 200 -
INFO:audio_stream:Audio stream started (device=plughw:2,0, rate=16000, channels=1)
INFO:audio_stream:Audio stream stopped
INFO:werkzeug:192.168.1.106 - - [18/Jun/2026 23:23:49] "GET /audio_feed HTTP/1.1" 500 -
ERROR:werkzeug:Error on request:
Traceback (most recent call last):
  File "/usr/lib/python3/dist-packages/werkzeug/serving.py", line 370, in run_wsgi
    execute(self.server.app)
    ~~~~~~~^^^^^^^^^^^^^^^^^
  File "/usr/lib/python3/dist-packages/werkzeug/serving.py", line 333, in execute
    for data in application_iter:
                ^^^^^^^^^^^^^^^^
  File "/usr/lib/python3/dist-packages/werkzeug/wsgi.py", line 256, in __next__
    return self._next()
           ~~~~~~~~~~^^
  File "/usr/lib/python3/dist-packages/werkzeug/wrappers/response.py", line 32, in _iter_encoded
    for item in iterable:
                ^^^^^^^^
  File "/home/nir/Desktop/server/audio_stream.py", line 129, in generate_audio_stream
    raise RuntimeError(stderr or "Microphone stream ended unexpectedly")
RuntimeError: arecord: main:850: audio open error: Device or resource busy
INFO:audio_stream:Audio stream started (device=plughw:2,0, rate=16000, channels=1)
INFO:audio_stream:Audio stream stopped
INFO:werkzeug:192.168.1.106 - - [18/Jun/2026 23:23:51] "GET /audio_feed HTTP/1.1" 500 -
ERROR:werkzeug:Error on request:
Traceback (most recent call last):
  File "/usr/lib/python3/dist-packages/werkzeug/serving.py", line 370, in run_wsgi
    execute(self.server.app)
    ~~~~~~~^^^^^^^^^^^^^^^^^
  File "/usr/lib/python3/dist-packages/werkzeug/serving.py", line 333, in execute
    for data in application_iter:
                ^^^^^^^^^^^^^^^^
  File "/usr/lib/python3/dist-packages/werkzeug/wsgi.py", line 256, in __next__
    return self._next()
           ~~~~~~~~~~^^
  File "/usr/lib/python3/dist-packages/werkzeug/wrappers/response.py", line 32, in _iter_encoded
    for item in iterable:
                ^^^^^^^^
  File "/home/nir/Desktop/server/audio_stream.py", line 129, in generate_audio_stream
    raise RuntimeError(stderr or "Microphone stream ended unexpectedly")
RuntimeError: arecord: main:850: audio open error: Device or resource busy
INFO:audio_stream:Audio stream started (device=plughw:2,0, rate=16000, channels=1)
INFO:audio_stream:Audio stream stopped
INFO:werkzeug:192.168.1.106 - - [18/Jun/2026 23:23:52] "GET /audio_feed HTTP/1.1" 500 -
ERROR:werkzeug:Error on request:
Traceback (most recent call last):
  File "/usr/lib/python3/dist-packages/werkzeug/serving.py", line 370, in run_wsgi
    execute(self.server.app)
    ~~~~~~~^^^^^^^^^^^^^^^^^
  File "/usr/lib/python3/dist-packages/werkzeug/serving.py", line 333, in execute
    for data in application_iter:
                ^^^^^^^^^^^^^^^^
  File "/usr/lib/python3/dist-packages/werkzeug/wsgi.py", line 256, in __next__
    return self._next()
           ~~~~~~~~~~^^
  File "/usr/lib/python3/dist-packages/werkzeug/wrappers/response.py", line 32, in _iter_encoded
    for item in iterable:
                ^^^^^^^^
  File "/home/nir/Desktop/server/audio_stream.py", line 129, in generate_audio_stream
    raise RuntimeError(stderr or "Microphone stream ended unexpectedly")
RuntimeError: Microphone stream ended unexpectedly
INFO:audio_stream:Audio stream started (device=plughw:2,0, rate=16000, channels=1)
INFO:audio_stream:Audio stream stopped
INFO:werkzeug:192.168.1.106 - - [18/Jun/2026 23:23:54] "GET /audio_feed HTTP/1.1" 500 -
ERROR:werkzeug:Error on request:
Traceback (most recent call last):
  File "/usr/lib/python3/dist-packages/werkzeug/serving.py", line 370, in run_wsgi
    execute(self.server.app)
    ~~~~~~~^^^^^^^^^^^^^^^^^
  File "/usr/lib/python3/dist-packages/werkzeug/serving.py", line 333, in execute
    for data in application_iter:
                ^^^^^^^^^^^^^^^^
  File "/usr/lib/python3/dist-packages/werkzeug/wsgi.py", line 256, in __next__
    return self._next()
           ~~~~~~~~~~^^
  File "/usr/lib/python3/dist-packages/werkzeug/wrappers/response.py", line 32, in _iter_encoded
    for item in iterable:
                ^^^^^^^^
  File "/home/nir/Desktop/server/audio_stream.py", line 129, in generate_audio_stream
    raise RuntimeError(stderr or "Microphone stream ended unexpectedly")
RuntimeError: arecord: main:850: audio open error: Device or resource busy
INFO:audio_stream:Audio stream started (device=plughw:2,0, rate=16000, channels=1)
INFO:audio_stream:Audio stream stopped
INFO:werkzeug:192.168.1.106 - - [18/Jun/2026 23:23:56] "GET /audio_feed HTTP/1.1" 500 -
ERROR:werkzeug:Error on request:
Traceback (most recent call last):
  File "/usr/lib/python3/dist-packages/werkzeug/serving.py", line 370, in run_wsgi
    execute(self.server.app)
    ~~~~~~~^^^^^^^^^^^^^^^^^
  File "/usr/lib/python3/dist-packages/werkzeug/serving.py", line 333, in execute
    for data in application_iter:
                ^^^^^^^^^^^^^^^^
  File "/usr/lib/python3/dist-packages/werkzeug/wsgi.py", line 256, in __next__
    return self._next()
           ~~~~~~~~~~^^
  File "/usr/lib/python3/dist-packages/werkzeug/wrappers/response.py", line 32, in _iter_encoded
    for item in iterable:
                ^^^^^^^^
  File "/home/nir/Desktop/server/audio_stream.py", line 129, in generate_audio_stream
    raise RuntimeError(stderr or "Microphone stream ended unexpectedly")
RuntimeError: arecord: main:850: audio open error: Device or resource busy
^CINFO:audio_stream:Audio stream stopped
ERROR:werkzeug:Error on request:
Traceback (most recent call last):
  File "/usr/lib/python3/dist-packages/werkzeug/serving.py", line 370, in run_wsgi
    execute(self.server.app)
    ~~~~~~~^^^^^^^^^^^^^^^^^
  File "/usr/lib/python3/dist-packages/werkzeug/serving.py", line 333, in execute
    for data in application_iter:
                ^^^^^^^^^^^^^^^^
  File "/usr/lib/python3/dist-packages/werkzeug/wsgi.py", line 256, in __next__
    return self._next()
           ~~~~~~~~~~^^
  File "/usr/lib/python3/dist-packages/werkzeug/wrappers/response.py", line 32, in _iter_encoded
    for item in iterable:
                ^^^^^^^^
  File "/home/nir/Desktop/server/audio_stream.py", line 129, in generate_audio_stream
    raise RuntimeError(stderr or "Microphone stream ended unexpectedly")
RuntimeError: arecord: pcm_read:2272: read error: Interrupted system call
INFO:picamera2.picamera2:Camera stopped
INFO:picamera2.picamera2:Camera closed successfully